// Jest Snapshot v1, https://goo.gl/fbAQLP

exports[`should render ExpenseListItem with fixture data 1`] = `
<div>
  <Link
    to="/edit/1"
  >
    <h3>
      Description: 
      gum
    </h3>
  </Link>
  <p>
    100
     - 
    0
  </p>
</div>
`;
